Drill report for j2534-local-finish-scripted.kicad_pcb
Created on 2026-07-20T22:42:00

Copper Layer Stackup:
    =============================================================
    L1 :  Top Layer                 front
    L2 :  Ground Inner 1            in1
    L3 :  Inner 2                   in2
    L4 :  Power Inner 3             in3
    L5 :  Ground Inner 4            in4
    L6 :  Bottom Layer              back


Drill file 'j2534-local-finish-scripted-PTH.drl' contains
    plated through holes:
    =============================================================
    T1  0.200mm  0.0079"  (32 holes))
    T2  0.305mm  0.0120"  (5 holes))
    T3  0.305mm  0.0120"  (1 hole)
    T4  0.305mm  0.0120"  (580 holes))
    T5  0.400mm  0.0157"  (16 holes))
    T6  0.592mm  0.0233"  (193 holes))
    T7  0.600mm  0.0236"  (4 holes)  (with 4 slots)
    T8  0.650mm  0.0256"  (10 holes))
    T9  1.000mm  0.0394"  (25 holes))
    T10  1.600mm  0.0630"  (3 holes))
    T11  3.200mm  0.1260"  (2 holes))

    Total plated holes count 871


Drill file 'j2534-local-finish-scripted-NPTH.drl' contains
    unplated through holes:
    =============================================================
    T1  3.200mm  0.1260"  (4 holes))

    Total unplated holes count 4
